
Phuong Thanh@DESKTOP-TD8SEI8 MINGW64 /c/Apps
$ git clone https://github.com/PhamphuongThanh-25174600093-DHKL19A1CL/25174600093_PhamPhuongThanh_baitap.git
Cloning into '25174600093_PhamPhuongThanh_baitap'...
remote: Enumerating objects: 3, done.
remote: Counting objects: 100% (3/3), done.
remote: Compressing objects: 100% (2/2), done.
remote: Total 3 (delta 0), reused 0 (delta 0), pack-reused 0 (from 0)
Receiving objects: 100% (3/3), done.

Phuong Thanh@DESKTOP-TD8SEI8 MINGW64 /c/Apps
$ cd 25174600093_PhamPhuongThanh_baitap

Phuong Thanh@DESKTOP-TD8SEI8 MINGW64 /c/Apps/25174600093_PhamPhuongThanh_baitap (main)
$ echo "Lorem ipsum dolor sit amet, consectetur adipiscing elit. Integer efficitur, eros at
lacinia suscipit, magna turpis aliquam est, sit amet aliquam quam libero id mi. Ut vel
placerat risus. Sed tempor in ex vitae sodales. Donec et tempor orci. In pharetra
viverra sagittis. Vestibulum risus ante, molestie ac eros efficitur, bibendum tincidunt
turpis. In sit amet tortor gravida, ultricies ante vitae, varius tortor. Aliquam finibus
porta nulla sed gravida. Aliquam ultricies dapibus ante eget molestie. In hac habitasse
platea dictumst. Aliquam aliquam enim at massa pharetra, et vestibulum sapien
consequat. Donec accumsan quis metus at pellentesque. Morbi quis felis placerat,
interdum justo a, aliquam risus." > README.md

Phuong Thanh@DESKTOP-TD8SEI8 MINGW64 /c/Apps/25174600093_PhamPhuongThanh_baitap (main)
$ git add .
warning: in the working copy of 'README.md', LF will be replaced by CRLF the next time Git touches it

Phuong Thanh@DESKTOP-TD8SEI8 MINGW64 /c/Apps/25174600093_PhamPhuongThanh_baitap (main)
$ git commit -m "thay đổi file"
[main 1731f2d] thay đổi file
 1 file changed, 9 insertions(+), 2 deletions(-)

Phuong Thanh@DESKTOP-TD8SEI8 MINGW64 /c/Apps/25174600093_PhamPhuongThanh_baitap (main)
$ git push origin
Enumerating objects: 5, done.
Counting objects: 100% (5/5), done.
Delta compression using up to 12 threads
Compressing objects: 100% (2/2), done.
Writing objects: 100% (3/3), 665 bytes | 665.00 KiB/s, done.
Total 3 (delta 0), reused 0 (delta 0), pack-reused 0 (from 0)
To https://github.com/PhamphuongThanh-25174600093-DHKL19A1CL/25174600093_PhamPhuongThanh_baitap.git
   a8c67e6..1731f2d  main -> main

Phuong Thanh@DESKTOP-TD8SEI8 MINGW64 /c/Apps/25174600093_PhamPhuongThanh_baitap (main)
$ git checkout -b "branch_1"
Switched to a new branch 'branch_1'

Phuong Thanh@DESKTOP-TD8SEI8 MINGW64 /c/Apps/25174600093_PhamPhuongThanh_baitap (branch_1)
$ echo "Lorem ipsum dolor sit amet, consectetur adipiscing elit." > text_branch_1.txt

Phuong Thanh@DESKTOP-TD8SEI8 MINGW64 /c/Apps/25174600093_PhamPhuongThanh_baitap (branch_1)
$ git add .
warning: in the working copy of 'text_branch_1.txt', LF will be replaced by CRLF the next time Git touches it

Phuong Thanh@DESKTOP-TD8SEI8 MINGW64 /c/Apps/25174600093_PhamPhuongThanh_baitap (branch_1)
$ git commit -m "Add text_branch_1.txt on branch 1"
[branch_1 cbea8d8] Add text_branch_1.txt on branch 1
 1 file changed, 1 insertion(+)
 create mode 100644 text_branch_1.txt

Phuong Thanh@DESKTOP-TD8SEI8 MINGW64 /c/Apps/25174600093_PhamPhuongThanh_baitap (branch_1)
$ git push origin branch_1
Enumerating objects: 4, done.
Counting objects: 100% (4/4), done.
Delta compression using up to 12 threads
Compressing objects: 100% (3/3), done.
Writing objects: 100% (3/3), 389 bytes | 389.00 KiB/s, done.
Total 3 (delta 0), reused 0 (delta 0), pack-reused 0 (from 0)
remote:
remote: Create a pull request for 'branch_1' on GitHub by visiting:
remote:      https://github.com/PhamphuongThanh-25174600093-DHKL19A1CL/25174600093_PhamPhuongThanh_baitap/pull/new/branch_1
remote:
To https://github.com/PhamphuongThanh-25174600093-DHKL19A1CL/25174600093_PhamPhuongThanh_baitap.git
 * [new branch]      branch_1 -> branch_1

Phuong Thanh@DESKTOP-TD8SEI8 MINGW64 /c/Apps/25174600093_PhamPhuongThanh_baitap (branch_1)
$ git checkout main
Switched to branch 'main'
Your branch is up to date with 'origin/main'.

Phuong Thanh@DESKTOP-TD8SEI8 MINGW64 /c/Apps/25174600093_PhamPhuongThanh_baitap (main)
$ git checkout -b "branch_2"
Switched to a new branch 'branch_2'

Phuong Thanh@DESKTOP-TD8SEI8 MINGW64 /c/Apps/25174600093_PhamPhuongThanh_baitap (branch_2)
$ echo "Praesent ullamcorper orci eu erat placerat sodales." > text_branch_2.txt

Phuong Thanh@DESKTOP-TD8SEI8 MINGW64 /c/Apps/25174600093_PhamPhuongThanh_baitap (branch_2)
$ git add .
warning: in the working copy of 'text_branch_2.txt', LF will be replaced by CRLF the next time Git touches it

Phuong Thanh@DESKTOP-TD8SEI8 MINGW64 /c/Apps/25174600093_PhamPhuongThanh_baitap (branch_2)
$ git commit -m " Add text_branch_2.txt on branch_2"
[branch_2 e71d1c2]  Add text_branch_2.txt on branch_2
 1 file changed, 1 insertion(+)
 create mode 100644 text_branch_2.txt

Phuong Thanh@DESKTOP-TD8SEI8 MINGW64 /c/Apps/25174600093_PhamPhuongThanh_baitap (branch_2)
$ git push origin branch_2
Enumerating objects: 4, done.
Counting objects: 100% (4/4), done.
Delta compression using up to 12 threads
Compressing objects: 100% (3/3), done.
Writing objects: 100% (3/3), 383 bytes | 383.00 KiB/s, done.
Total 3 (delta 0), reused 0 (delta 0), pack-reused 0 (from 0)
remote:
remote: Create a pull request for 'branch_2' on GitHub by visiting:
remote:      https://github.com/PhamphuongThanh-25174600093-DHKL19A1CL/25174600093_PhamPhuongThanh_baitap/pull/new/branch_2
remote:
To https://github.com/PhamphuongThanh-25174600093-DHKL19A1CL/25174600093_PhamPhuongThanh_baitap.git
 * [new branch]      branch_2 -> branch_2

Phuong Thanh@DESKTOP-TD8SEI8 MINGW64 /c/Apps/25174600093_PhamPhuongThanh_baitap (branch_2)
$ git checkout main
Switched to branch 'main'
Your branch is up to date with 'origin/main'.

Phuong Thanh@DESKTOP-TD8SEI8 MINGW64 /c/Apps/25174600093_PhamPhuongThanh_baitap (main)
$ git checkout -b "branch_3"
Switched to a new branch 'branch_3'

Phuong Thanh@DESKTOP-TD8SEI8 MINGW64 /c/Apps/25174600093_PhamPhuongThanh_baitap (branch_3)
$ echo " Integer sit amet nisi aliquam, tempor libero quis, cursus erat" > text_branch_3.txt

Phuong Thanh@DESKTOP-TD8SEI8 MINGW64 /c/Apps/25174600093_PhamPhuongThanh_baitap (branch_3)
$ git add .
warning: in the working copy of 'text_branch_3.txt', LF will be replaced by CRLF the next time Git touches it

Phuong Thanh@DESKTOP-TD8SEI8 MINGW64 /c/Apps/25174600093_PhamPhuongThanh_baitap (branch_3)
$ git commit -m "Add text_branch_3.txt on branch_3"
[branch_3 b42d3cc] Add text_branch_3.txt on branch_3
 1 file changed, 1 insertion(+)
 create mode 100644 text_branch_3.txt

Phuong Thanh@DESKTOP-TD8SEI8 MINGW64 /c/Apps/25174600093_PhamPhuongThanh_baitap (branch_3)
$ git push origin branch_3
Enumerating objects: 4, done.
Counting objects: 100% (4/4), done.
Delta compression using up to 12 threads
Compressing objects: 100% (3/3), done.
Writing objects: 100% (3/3), 390 bytes | 390.00 KiB/s, done.
Total 3 (delta 0), reused 0 (delta 0), pack-reused 0 (from 0)
remote:
remote: Create a pull request for 'branch_3' on GitHub by visiting:
remote:      https://github.com/PhamphuongThanh-25174600093-DHKL19A1CL/25174600093_PhamPhuongThanh_baitap/pull/new/branch_3
remote:
To https://github.com/PhamphuongThanh-25174600093-DHKL19A1CL/25174600093_PhamPhuongThanh_baitap.git
 * [new branch]      branch_3 -> branch_3

Phuong Thanh@DESKTOP-TD8SEI8 MINGW64 /c/Apps/25174600093_PhamPhuongThanh_baitap (branch_3)
$ git checkout main
Switched to branch 'main'
Your branch is up to date with 'origin/main'.

Phuong Thanh@DESKTOP-TD8SEI8 MINGW64 /c/Apps/25174600093_PhamPhuongThanh_baitap (main)
$ git checkout -b " branch_4"
fatal: ' branch_4' is not a valid branch name
hint: See `man git check-ref-format`
hint: Disable this message with "git config set advice.refSyntax false"

Phuong Thanh@DESKTOP-TD8SEI8 MINGW64 /c/Apps/25174600093_PhamPhuongThanh_baitap (main)
$ git checkout -b "branch_4"
Switched to a new branch 'branch_4'

Phuong Thanh@DESKTOP-TD8SEI8 MINGW64 /c/Apps/25174600093_PhamPhuongThanh_baitap (branch_4)
$ echo "Cras ac mi nec nisi porta ultrices sed non ante." > text_branch_4.txt

Phuong Thanh@DESKTOP-TD8SEI8 MINGW64 /c/Apps/25174600093_PhamPhuongThanh_baitap (branch_4)
$ git add .
warning: in the working copy of 'text_branch_4.txt', LF will be replaced by CRLF the next time Git touches it

Phuong Thanh@DESKTOP-TD8SEI8 MINGW64 /c/Apps/25174600093_PhamPhuongThanh_baitap (branch_4)
$ git commit -m "Add text_branch_4.txt on branch_4"
[branch_4 8956a65] Add text_branch_4.txt on branch_4
 1 file changed, 1 insertion(+)
 create mode 100644 text_branch_4.txt

Phuong Thanh@DESKTOP-TD8SEI8 MINGW64 /c/Apps/25174600093_PhamPhuongThanh_baitap (branch_4)
$ git push origin branch_4
Enumerating objects: 4, done.
Counting objects: 100% (4/4), done.
Delta compression using up to 12 threads
Compressing objects: 100% (2/2), done.
Writing objects: 100% (3/3), 383 bytes | 383.00 KiB/s, done.
Total 3 (delta 0), reused 0 (delta 0), pack-reused 0 (from 0)
remote:
remote: Create a pull request for 'branch_4' on GitHub by visiting:
remote:      https://github.com/PhamphuongThanh-25174600093-DHKL19A1CL/25174600093_PhamPhuongThanh_baitap/pull/new/branch_4
remote:
To https://github.com/PhamphuongThanh-25174600093-DHKL19A1CL/25174600093_PhamPhuongThanh_baitap.git
 * [new branch]      branch_4 -> branch_4

Phuong Thanh@DESKTOP-TD8SEI8 MINGW64 /c/Apps/25174600093_PhamPhuongThanh_baitap (branch_4)
$ git checkout main
Switched to branch 'main'
Your branch is up to date with 'origin/main'.

Phuong Thanh@DESKTOP-TD8SEI8 MINGW64 /c/Apps/25174600093_PhamPhuongThanh_baitap (main)
$ git branch -d branch_4
error: the branch 'branch_4' is not fully merged
hint: If you are sure you want to delete it, run 'git branch -D branch_4'
hint: Disable this message with "git config set advice.forceDeleteBranch false"

Phuong Thanh@DESKTOP-TD8SEI8 MINGW64 /c/Apps/25174600093_PhamPhuongThanh_baitap (main)
$ git branch -D branch_4
Deleted branch branch_4 (was 8956a65).

Phuong Thanh@DESKTOP-TD8SEI8 MINGW64 /c/Apps/25174600093_PhamPhuongThanh_baitap (main)
$ git branch -l
  branch_1
  branch_2
  branch_3
* main

Phuong Thanh@DESKTOP-TD8SEI8 MINGW64 /c/Apps/25174600093_PhamPhuongThanh_baitap (main)
$ git pull
Already up to date.

Phuong Thanh@DESKTOP-TD8SEI8 MINGW64 /c/Apps/25174600093_PhamPhuongThanh_baitap (main)
$ mkdir main_folder

Phuong Thanh@DESKTOP-TD8SEI8 MINGW64 /c/Apps/25174600093_PhamPhuongThanh_baitap (main)
$ cd main_folder

Phuong Thanh@DESKTOP-TD8SEI8 MINGW64 /c/Apps/25174600093_PhamPhuongThanh_baitap/main_folder (main)
$ touch main_txt_1.txt

Phuong Thanh@DESKTOP-TD8SEI8 MINGW64 /c/Apps/25174600093_PhamPhuongThanh_baitap/main_folder (main)
$ touch main_txt_2.txt

Phuong Thanh@DESKTOP-TD8SEI8 MINGW64 /c/Apps/25174600093_PhamPhuongThanh_baitap/main_folder (main)
$ touch main_txt_3.txt

Phuong Thanh@DESKTOP-TD8SEI8 MINGW64 /c/Apps/25174600093_PhamPhuongThanh_baitap/main_folder (main)
$ git add main_folder
fatal: pathspec 'main_folder' did not match any files

Phuong Thanh@DESKTOP-TD8SEI8 MINGW64 /c/Apps/25174600093_PhamPhuongThanh_baitap/main_folder (main)
$ git commit -m "thêm folder"
On branch main
Your branch is up to date with 'origin/main'.

Untracked files:
  (use "git add <file>..." to include in what will be committed)
        ./

nothing added to commit but untracked files present (use "git add" to track)

Phuong Thanh@DESKTOP-TD8SEI8 MINGW64 /c/Apps/25174600093_PhamPhuongThanh_baitap/main_folder (main)
$ git push origin
Everything up-to-date

Phuong Thanh@DESKTOP-TD8SEI8 MINGW64 /c/Apps/25174600093_PhamPhuongThanh_baitap/main_folder (main)
$

Phuong Thanh@DESKTOP-TD8SEI8 MINGW64 /c/Apps/25174600093_PhamPhuongThanh_baitap/main_folder (main)
$ git checkout branch_1
Switched to branch 'branch_1'

Phuong Thanh@DESKTOP-TD8SEI8 MINGW64 /c/Apps/25174600093_PhamPhuongThanh_baitap/main_folder (branch_1)
$ git checkout -b "branch_5"
Switched to a new branch 'branch_5'

Phuong Thanh@DESKTOP-TD8SEI8 MINGW64 /c/Apps/25174600093_PhamPhuongThanh_baitap/main_folder (branch_5)
$ ls
main_txt_1.txt  main_txt_2.txt  main_txt_3.txt

Phuong Thanh@DESKTOP-TD8SEI8 MINGW64 /c/Apps/25174600093_PhamPhuongThanh_baitap/main_folder (branch_5)
$ echo "Etiam malesuada felis nulla, ac porta dui sollicitudin eget. Mauris hendrerit non
metus eget pellentesque. Etiam ornare ante at pretium hendrerit. Proin molestie
accumsan sapien, ac finibus libero lobortis quis. Praesent ac commodo eros. Nullam
malesuada v el dui nec feugiat. Cras justo ipsum, scelerisque et elit vitae, porttitor
tristique turpis. Nam ut hendrerit est. Nulla sed tincidunt nibh. Class aptent taciti
sociosqu ad litora torquent per conubia nostra, per inceptos himenaeos. Quisque vitae
egestas lacus. Phasellus turpis ante, euismod quis pellentesque et, pharetra id ligula.
Vestibulum mattis sem ac ligula auctor viverra. Phasellus dignissim mollis leo, vitae
tristique enim." > text_branch_1.txt

Phuong Thanh@DESKTOP-TD8SEI8 MINGW64 /c/Apps/25174600093_PhamPhuongThanh_baitap/main_folder (branch_5)
$ git add .
warning: in the working copy of 'main_folder/text_branch_1.txt', LF will be replaced by CRLF the next time Git touches it

Phuong Thanh@DESKTOP-TD8SEI8 MINGW64 /c/Apps/25174600093_PhamPhuongThanh_baitap/main_folder (branch_5)
$ git commit -m "sửa file"
[branch_5 af3ae1e] sửa file
 4 files changed, 9 insertions(+)
 create mode 100644 main_folder/main_txt_1.txt
 create mode 100644 main_folder/main_txt_2.txt
 create mode 100644 main_folder/main_txt_3.txt
 create mode 100644 main_folder/text_branch_1.txt

Phuong Thanh@DESKTOP-TD8SEI8 MINGW64 /c/Apps/25174600093_PhamPhuongThanh_baitap/main_folder (branch_5)
$ git push origin
fatal: The current branch branch_5 has no upstream branch.
To push the current branch and set the remote as upstream, use

    git push --set-upstream origin branch_5

To have this happen automatically for branches without a tracking
upstream, see 'push.autoSetupRemote' in 'git help config'.


Phuong Thanh@DESKTOP-TD8SEI8 MINGW64 /c/Apps/25174600093_PhamPhuongThanh_baitap/main_folder (branch_5)
$ git push origin branch_5
Enumerating objects: 6, done.
Counting objects: 100% (6/6), done.
Delta compression using up to 12 threads
Compressing objects: 100% (4/4), done.
Writing objects: 100% (5/5), 853 bytes | 853.00 KiB/s, done.
Total 5 (delta 0), reused 0 (delta 0), pack-reused 0 (from 0)
remote:
remote: Create a pull request for 'branch_5' on GitHub by visiting:
remote:      https://github.com/PhamphuongThanh-25174600093-DHKL19A1CL/25174600093_PhamPhuongThanh_baitap/pull/new/branch_5
remote:
To https://github.com/PhamphuongThanh-25174600093-DHKL19A1CL/25174600093_PhamPhuongThanh_baitap.git
 * [new branch]      branch_5 -> branch_5

Phuong Thanh@DESKTOP-TD8SEI8 MINGW64 /c/Apps/25174600093_PhamPhuongThanh_baitap/main_folder (branch_5)
$ git checkout main
Switched to branch 'main'
Your branch is up to date with 'origin/main'.

Phuong Thanh@DESKTOP-TD8SEI8 MINGW64 /c/Apps/25174600093_PhamPhuongThanh_baitap/main_folder (main)
$ git branch -d branch_5
error: the branch 'branch_5' is not fully merged
hint: If you are sure you want to delete it, run 'git branch -D branch_5'
hint: Disable this message with "git config set advice.forceDeleteBranch false"

Phuong Thanh@DESKTOP-TD8SEI8 MINGW64 /c/Apps/25174600093_PhamPhuongThanh_baitap/main_folder (main)
$ git branch -D branch_5
Deleted branch branch_5 (was af3ae1e).

Phuong Thanh@DESKTOP-TD8SEI8 MINGW64 /c/Apps/25174600093_PhamPhuongThanh_baitap/main_folder (main)
$ git branch -l
  branch_1
  branch_2
  branch_3
* main

Phuong Thanh@DESKTOP-TD8SEI8 MINGW64 /c/Apps/25174600093_PhamPhuongThanh_baitap/main_folder (main)
$ git branch -D branch_1
Deleted branch branch_1 (was cbea8d8).

Phuong Thanh@DESKTOP-TD8SEI8 MINGW64 /c/Apps/25174600093_PhamPhuongThanh_baitap/main_folder (main)
$ git branch -D branch_2
Deleted branch branch_2 (was e71d1c2).

Phuong Thanh@DESKTOP-TD8SEI8 MINGW64 /c/Apps/25174600093_PhamPhuongThanh_baitap/main_folder (main)
$ git branch -D branch_3
Deleted branch branch_3 (was b42d3cc).

Phuong Thanh@DESKTOP-TD8SEI8 MINGW64 /c/Apps/25174600093_PhamPhuongThanh_baitap/main_folder (main)
$ git add .
Phuong Thanh@DESKTOP-TD8SEI8 MINGW64 /c/Apps/25174600093_PhamPhuongThanh_baitap/main_folder (main)
$ git commit -m "xóa file"
On branch main
Your branch is up to date with 'origin/main'.

Untracked files:
  (use "git add <file>..." to include in what will be committed)
        ../caulenh.txt.txt

nothing added to commit but untracked files present (use "git add" to track)

Phuong Thanh@DESKTOP-TD8SEI8 MINGW64 /c/Apps/25174600093_PhamPhuongThanh_baitap/main_folder (main)
$ git push origin
To https://github.com/PhamphuongThanh-25174600093-DHKL19A1CL/25174600093_PhamPhuongThanh_baitap.git
 ! [rejected]        main -> main (fetch first)
error: failed to push some refs to 'https://github.com/PhamphuongThanh-25174600093-DHKL19A1CL/25174600093_PhamPhuongThanh_baitap.git'
hint: Updates were rejected because the remote contains work that you do not
hint: have locally. This is usually caused by another repository pushing to
hint: the same ref. If you want to integrate the remote changes, use
hint: 'git pull' before pushing again.
hint: See the 'Note about fast-forwards' in 'git push --help' for details.

Phuong Thanh@DESKTOP-TD8SEI8 MINGW64 /c/Apps/25174600093_PhamPhuongThanh_baitap/main_folder (main)
$ git fectch
git: 'fectch' is not a git command. See 'git --help'.

The most similar command is
        fetch

Phuong Thanh@DESKTOP-TD8SEI8 MINGW64 /c/Apps/25174600093_PhamPhuongThanh_baitap/main_folder (main)
$ git pull
remote: Enumerating objects: 14, done.
remote: Counting objects: 100% (14/14), done.
remote: Compressing objects: 100% (8/8), done.
remote: Total 8 (delta 2), reused 0 (delta 0), pack-reused 0 (from 0)
Unpacking objects: 100% (8/8), 4.71 KiB | 86.00 KiB/s, done.
From https://github.com/PhamphuongThanh-25174600093-DHKL19A1CL/25174600093_PhamPhuongThanh_baitap
   1731f2d..d18c557  main       -> origin/main
   cbea8d8..82ed23f  branch_1   -> origin/branch_1
Updating 1731f2d..d18c557
Fast-forward
 main_folder/main_txt_1.txt    | 0
 main_folder/main_txt_2.txt    | 0
 main_folder/main_txt_3.txt    | 0
 main_folder/text_branch_1.txt | 9 +++++++++
 text_branch_1.txt             | 1 +
 text_branch_2.txt             | 1 +
 text_branch_3.txt             | 1 +
 text_branch_4.txt             | 1 +
 8 files changed, 13 insertions(+)
 create mode 100644 main_folder/main_txt_1.txt
 create mode 100644 main_folder/main_txt_2.txt
 create mode 100644 main_folder/main_txt_3.txt
 create mode 100644 main_folder/text_branch_1.txt
 create mode 100644 text_branch_1.txt
 create mode 100644 text_branch_2.txt
 create mode 100644 text_branch_3.txt
 create mode 100644 text_branch_4.txt

Phuong Thanh@DESKTOP-TD8SEI8 MINGW64 /c/Apps/25174600093_PhamPhuongThanh_baitap/main_folder (main)
$ git push origin
Everything up-to-date

Phuong Thanh@DESKTOP-TD8SEI8 MINGW64 /c/Apps/25174600093_PhamPhuongThanh_baitap/main_folder (main)
$ git branch -l
* main

Phuong Thanh@DESKTOP-TD8SEI8 MINGW64 /c/Apps/25174600093_PhamPhuongThanh_baitap/main_folder (main)
$ git add .

Phuong Thanh@DESKTOP-TD8SEI8 MINGW64 /c/Apps/25174600093_PhamPhuongThanh_baitap/main_folder (main)
$ git commit -m "xoa file"
On branch main
Your branch is up to date with 'origin/main'.

Untracked files:
  (use "git add <file>..." to include in what will be committed)
        ../caulenh.txt.txt

nothing added to commit but untracked files present (use "git add" to track)

Phuong Thanh@DESKTOP-TD8SEI8 MINGW64 /c/Apps/25174600093_PhamPhuongThanh_baitap/main_folder (main)
$ git push origin
Everything up-to-date

Phuong Thanh@DESKTOP-TD8SEI8 MINGW64 /c/Apps/25174600093_PhamPhuongThanh_baitap/main_folder (main)

