Admin@hoangdatngok MINGW64 ~/Documents/19A1CL Tin học cơ sở/25174600023_Hoang_Tien_Dat_bai_tap (main)
$ echo "Lorem ipsum dolor sit amet, consectetur adipiscing elit. Integer efficitur, eros at  lacinia suscipit, magna turpis aliquam est, sit amet aliquam quam libero id mi. Ut vel  placerat risus. Sed tempor in ex vitae sodales. Donec et tempor orci. In pharetra  viverra sagittis. Vestibulum risus ante, molestie ac eros efficitur, bibendum tincidunt  turpis. In sit amet tortor gravida, ultricies ante vitae, varius tortor. Aliquam finibus  porta nulla sed gravida. Aliquam ultricies dapibus ante eget molestie. In hac habitasse  platea dictumst. Aliquam aliquam enim at massa pharetra, et vestibulum sapien  consequat. Donec accumsan quis metus at pellentesque. Morbi quis felis placerat,  interdum justo a, aliquam risus." > README.md

Admin@hoangdatngok MINGW64 ~/Documents/19A1CL Tin học cơ sở/25174600023_Hoang_Tien_Dat_bai_tap (main)
$ git add .
warning: in the working copy of 'README.md', LF will be replaced by CRLF the next time Git touches it

Admin@hoangdatngok MINGW64 ~/Documents/19A1CL Tin học cơ sở/25174600023_Hoang_Tien_Dat_bai_tap (main)
$ git commit -m "Đã chỉnh sửa nội dung tệp tin"
[main 5540c60] Đã chỉnh sửa nội dung tệp tin
 1 file changed, 1 insertion(+), 2 deletions(-)

Admin@hoangdatngok MINGW64 ~/Documents/19A1CL Tin học cơ sở/25174600023_Hoang_Tien_Dat_bai_tap (main)
$ git push origin
Enumerating objects: 5, done.
Counting objects: 100% (5/5), done.
Delta compression using up to 12 threads
Compressing objects: 100% (2/2), done.
Writing objects: 100% (3/3), 660 bytes | 660.00 KiB/s, done.
Total 3 (delta 0), reused 0 (delta 0), pack-reused 0 (from 0)
To https://github.com/HoangTienDat-25174600023-DHKL19A1l/25174600023_Hoang_Tien_Dat_bai_tap.git
   68c6878..5540c60  main -> main

Admin@hoangdatngok MINGW64 ~/Documents/19A1CL Tin học cơ sở/25174600023_Hoang_Tien_Dat_bai_tap (main)
$

Admin@hoangdatngok MINGW64 ~/Documents/19A1CL Tin học cơ sở/25174600023_Hoang_Tien_Dat_bai_tap (main)
$ git checkout -b "branch_1"
Switched to a new branch 'branch_1'

Admin@hoangdatngok MINGW64 ~/Documents/19A1CL Tin học cơ sở/25174600023_Hoang_Tien_Dat_bai_tap (branch_1)
$ echo "Lorem ipsum dolor sit amet, consectetur adipiscing elit." > text_branch_1.txt

Admin@hoangdatngok MINGW64 ~/Documents/19A1CL Tin học cơ sở/25174600023_Hoang_Tien_Dat_bai_tap (branch_1)
$ git add .
warning: in the working copy of 'text_branch_1.txt', LF will be replaced by CRLF the next time Git touches it
g
Admin@hoangdatngok MINGW64 ~/Documents/19A1CL Tin học cơ sở/25174600023_Hoang_Tien_Dat_bai_tap (branch_1)
$ git commit -m "Tạo branch 1"
[branch_1 2d6bd02] Tạo branch 1
 1 file changed, 1 insertion(+)
 create mode 100644 text_branch_1.txt

Admin@hoangdatngok MINGW64 ~/Documents/19A1CL Tin học cơ sở/25174600023_Hoang_Tien_Dat_bai_tap (branch_1)
$ git push origin branch_1
Enumerating objects: 4, done.
Counting objects: 100% (4/4), done.
Delta compression using up to 12 threads
Compressing objects: 100% (3/3), done.
Writing objects: 100% (3/3), 358 bytes | 179.00 KiB/s, done.
Total 3 (delta 0), reused 0 (delta 0), pack-reused 0 (from 0)
remote:
remote: Create a pull request for 'branch_1' on GitHub by visiting:
remote:      https://github.com/HoangTienDat-25174600023-DHKL19A1l/25174600023_Hoang_Tien_Dat_bai_tap/pull/new/branch_1
remote:
To https://github.com/HoangTienDat-25174600023-DHKL19A1l/25174600023_Hoang_Tien_Dat_bai_tap.git
 * [new branch]      branch_1 -> branch_1

Admin@hoangdatngok MINGW64 ~/Documents/19A1CL Tin học cơ sở/25174600023_Hoang_Tien_Dat_bai_tap (branch_1)
$ git check out main
git: 'check' is not a git command. See 'git --help'.

The most similar command is
        checkout

Admin@hoangdatngok MINGW64 ~/Documents/19A1CL Tin học cơ sở/25174600023_Hoang_Tien_Dat_bai_tap (branch_1)
$ git checkout main
Switched to branch 'main'
Your branch is up to date with 'origin/main'.

Admin@hoangdatngok MINGW64 ~/Documents/19A1CL Tin học cơ sở/25174600023_Hoang_Tien_Dat_bai_tap (main)
$ git checkout -b "branch_2"
Switched to a new branch 'branch_2'

Admin@hoangdatngok MINGW64 ~/Documents/19A1CL Tin học cơ sở/25174600023_Hoang_Tien_Dat_bai_tap (branch_2)
$ echo "Praesent ullamcorper orci eu erat placerat sodales." > text_branch_2.txt

Admin@hoangdatngok MINGW64 ~/Documents/19A1CL Tin học cơ sở/25174600023_Hoang_Tien_Dat_bai_tap (branch_2)
$ git add .
warning: in the working copy of 'text_branch_2.txt', LF will be replaced by CRLF the next time Git touches it

Admin@hoangdatngok MINGW64 ~/Documents/19A1CL Tin học cơ sở/25174600023_Hoang_Tien_Dat_bai_tap (branch_2)
$ git commit -m "Tạo branch 2"
[branch_2 fb641cb] Tạo branch 2
 1 file changed, 1 insertion(+)
 create mode 100644 text_branch_2.txt

Admin@hoangdatngok MINGW64 ~/Documents/19A1CL Tin học cơ sở/25174600023_Hoang_Tien_Dat_bai_tap (branch_2)
$ git push origin branch_2
Enumerating objects: 4, done.
Counting objects: 100% (4/4), done.
Delta compression using up to 12 threads
Compressing objects: 100% (3/3), done.
Writing objects: 100% (3/3), 352 bytes | 176.00 KiB/s, done.
Total 3 (delta 0), reused 0 (delta 0), pack-reused 0 (from 0)
remote:
remote: Create a pull request for 'branch_2' on GitHub by visiting:
remote:      https://github.com/HoangTienDat-25174600023-DHKL19A1l/25174600023_Hoang_Tien_Dat_bai_tap/pull/new/branch_2
remote:
To https://github.com/HoangTienDat-25174600023-DHKL19A1l/25174600023_Hoang_Tien_Dat_bai_tap.git
 * [new branch]      branch_2 -> branch_2

Admin@hoangdatngok MINGW64 ~/Documents/19A1CL Tin học cơ sở/25174600023_Hoang_Tien_Dat_bai_tap (branch_2)
$ git checkout main
Switched to branch 'main'
Your branch is up to date with 'origin/main'.

Admin@hoangdatngok MINGW64 ~/Documents/19A1CL Tin học cơ sở/25174600023_Hoang_Tien_Dat_bai_tap (main)
$ git checkout -b branch_3
Switched to a new branch 'branch_3'

Admin@hoangdatngok MINGW64 ~/Documents/19A1CL Tin học cơ sở/25174600023_Hoang_Tien_Dat_bai_tap (branch_3)
$ echo "Integer sit amet nisi aliquam, tempor libero quis, cursus erat." > text_branch_3.txt

Admin@hoangdatngok MINGW64 ~/Documents/19A1CL Tin học cơ sở/25174600023_Hoang_Tien_Dat_bai_tap (branch_3)
$ git add .
warning: in the working copy of 'text_branch_3.txt', LF will be replaced by CRLF the next time Git touches it

Admin@hoangdatngok MINGW64 ~/Documents/19A1CL Tin học cơ sở/25174600023_Hoang_Tien_Dat_bai_tap (branch_3)
$ git commit -m "Tạo nhánh 3"
[branch_3 f42e96e] Tạo nhánh 3
 1 file changed, 1 insertion(+)
 create mode 100644 text_branch_3.txt

Admin@hoangdatngok MINGW64 ~/Documents/19A1CL Tin học cơ sở/25174600023_Hoang_Tien_Dat_bai_tap (branch_3)
$ git push origin branch_3
Enumerating objects: 4, done.
Counting objects: 100% (4/4), done.
Delta compression using up to 12 threads
Compressing objects: 100% (3/3), done.
Writing objects: 100% (3/3), 361 bytes | 180.00 KiB/s, done.
Total 3 (delta 0), reused 0 (delta 0), pack-reused 0 (from 0)
remote:
remote: Create a pull request for 'branch_3' on GitHub by visiting:
remote:      https://github.com/HoangTienDat-25174600023-DHKL19A1l/25174600023_Hoang_Tien_Dat_bai_tap/pull/new/branch_3
remote:
To https://github.com/HoangTienDat-25174600023-DHKL19A1l/25174600023_Hoang_Tien_Dat_bai_tap.git
 * [new branch]      branch_3 -> branch_3

Admin@hoangdatngok MINGW64 ~/Documents/19A1CL Tin học cơ sở/25174600023_Hoang_Tien_Dat_bai_tap (branch_3)
$ git checkout main
Switched to branch 'main'
Your branch is up to date with 'origin/main'.

Admin@hoangdatngok MINGW64 ~/Documents/19A1CL Tin học cơ sở/25174600023_Hoang_Tien_Dat_bai_tap (main)
$ git checkout -b branch_4
Switched to a new branch 'branch_4'

Admin@hoangdatngok MINGW64 ~/Documents/19A1CL Tin học cơ sở/25174600023_Hoang_Tien_Dat_bai_tap (branch_4)
$ echo "Cras ac mi nec nisi porta ultrices sed non ante" > text_branch_4.txt

Admin@hoangdatngok MINGW64 ~/Documents/19A1CL Tin học cơ sở/25174600023_Hoang_Tien_Dat_bai_tap (branch_4)
$ git add .
warning: in the working copy of 'text_branch_4.txt', LF will be replaced by CRLF the next time Git touches it
i
Admin@hoangdatngok MINGW64 ~/Documents/19A1CL Tin học cơ sở/25174600023_Hoang_Tien_Dat_bai_tap (branch_4)
$ git commit -m "Tạo branch 4"
[branch_4 c8dc2b5] Tạo branch 4
 1 file changed, 1 insertion(+)
 create mode 100644 text_branch_4.txt

Admin@hoangdatngok MINGW64 ~/Documents/19A1CL Tin học cơ sở/25174600023_Hoang_Tien_Dat_bai_tap (branch_4)
$ git push origin branch_4
Enumerating objects: 4, done.
Counting objects: 100% (4/4), done.
Delta compression using up to 12 threads
Compressing objects: 100% (2/2), done.
Writing objects: 100% (3/3), 348 bytes | 174.00 KiB/s, done.
Total 3 (delta 0), reused 0 (delta 0), pack-reused 0 (from 0)
remote:
remote: Create a pull request for 'branch_4' on GitHub by visiting:
remote:      https://github.com/HoangTienDat-25174600023-DHKL19A1l/25174600023_Hoang_Tien_Dat_bai_tap/pull/new/branch_4
remote:
To https://github.com/HoangTienDat-25174600023-DHKL19A1l/25174600023_Hoang_Tien_Dat_bai_tap.git
 * [new branch]      branch_4 -> branch_4

Admin@hoangdatngok MINGW64 ~/Documents/19A1CL Tin học cơ sở/25174600023_Hoang_Tien_Dat_bai_tap (branch_4)
$ git checkout main
Switched to branch 'main'
Your branch is up to date with 'origin/main'.

Admin@hoangdatngok MINGW64 ~/Documents/19A1CL Tin học cơ sở/25174600023_Hoang_Tien_Dat_bai_tap (main)
$ git branch -d branch_4
error: the branch 'branch_4' is not fully merged
hint: If you are sure you want to delete it, run 'git branch -D branch_4'
hint: Disable this message with "git config set advice.forceDeleteBranch false"

Admin@hoangdatngok MINGW64 ~/Documents/19A1CL Tin học cơ sở/25174600023_Hoang_Tien_Dat_bai_tap (main)
$ git branch -D branch_4
Deleted branch branch_4 (was c8dc2b5).

Admin@hoangdatngok MINGW64 ~/Documents/19A1CL Tin học cơ sở/25174600023_Hoang_Tien_Dat_bai_tap (main)
$ git branch -l
  branch_1
  branch_2
  branch_3
* main

Admin@hoangdatngok MINGW64 ~/Documents/19A1CL Tin học cơ sở/25174600023_Hoang_Tien_Dat_bai_tap (main)
$ git pull
Already up to date.

Admin@hoangdatngok MINGW64 ~/Documents/19A1CL Tin học cơ sở/25174600023_Hoang_Tien_Dat_bai_tap (main)
$ mkdir main_folder

Admin@hoangdatngok MINGW64 ~/Documents/19A1CL Tin học cơ sở/25174600023_Hoang_Tien_Dat_bai_tap (main)
$ touch main_folder/main_txt_1.txt
touch main_folder/main_txt_2.txt
touch main_folder/main_txt_3.txt

Admin@hoangdatngok MINGW64 ~/Documents/19A1CL Tin học cơ sở/25174600023_Hoang_Tien_Dat_bai_tap (main)
$ git status
On branch main
Your branch is up to date with 'origin/main'.

Untracked files:
  (use "git add <file>..." to include in what will be committed)
        main_folder/

nothing added to commit but untracked files present (use "git add" to track)

Admin@hoangdatngok MINGW64 ~/Documents/19A1CL Tin học cơ sở/25174600023_Hoang_Tien_Dat_bai_tap (main)
$ git add main_folder

Admin@hoangdatngok MINGW64 ~/Documents/19A1CL Tin học cơ sở/25174600023_Hoang_Tien_Dat_bai_tap (main)
$ git commit -m "Tạo main_folder có chứa 3 file txt"
[main 1a46fc2] Tạo main_folder có chứa 3 file txt
 3 files changed, 0 insertions(+), 0 deletions(-)
 create mode 100644 main_folder/main_txt_1.txt
 create mode 100644 main_folder/main_txt_2.txt























Merge made by the 'ort' strategy.
 main_folder/main_txt_1.txt | 0
 main_folder/main_txt_2.txt | 0
 main_folder/main_txt_3.txt | 0
 3 files changed, 0 insertions(+), 0 deletions(-)
 create mode 100644 main_folder/main_txt_1.txt
 create mode 100644 main_folder/main_txt_2.txt























Merge made by the 'ort' strategy.
 main_folder/main_txt_1.txt | 0
 main_folder/main_txt_2.txt | 0
 main_folder/main_txt_3.txt | 0
 3 files changed, 0 insertions(+), 0 deletions(-)
 create mode 100644 main_folder/main_txt_1.txt
 create mode 100644 main_folder/main_txt_2.txt























Merge made by the 'ort' strategy.
 main_folder/main_txt_1.txt | 0
 main_folder/main_txt_2.txt | 0
 main_folder/main_txt_3.txt | 0
 3 files changed, 0 insertions(+), 0 deletions(-)
 create mode 100644 main_folder/main_txt_1.txt
 create mode 100644 main_folder/main_txt_2.txt
 create mode 100644 main_folder/main_txt_3.txt

Admin@hoangdatngok MINGW64 ~/Documents/19A1CL Tin học cơ sở/25174600023_Hoang_Tien_Dat_bai_tap (branch_3)
$ git push origin branch_3
Enumerating objects: 4, done.
Counting objects: 100% (4/4), done.
Delta compression using up to 12 threads
Compressing objects: 100% (2/2), done.
Writing objects: 100% (2/2), 375 bytes | 375.00 KiB/s, done.
Total 2 (delta 0), reused 0 (delta 0), pack-reused 0 (from 0)
To https://github.com/HoangTienDat-25174600023-DHKL19A1l/25174600023_Hoang_Tien_Dat_bai_tap.git
   f42e96e..7e58624  branch_3 -> branch_3

Admin@hoangdatngok MINGW64 ~/Documents/19A1CL Tin học cơ sở/25174600023_Hoang_Tien_Dat_bai_tap (branch_3)
$ git checkout main
Switched to branch 'main'
Your branch is up to date with 'origin/main'.

Admin@hoangdatngok MINGW64 ~/Documents/19A1CL Tin học cơ sở/25174600023_Hoang_Tien_Dat_bai_tap (main)
$ git push origin
Everything up-to-date

Admin@hoangdatngok MINGW64 ~/Documents/19A1CL Tin học cơ sở/25174600023_Hoang_Tien_Dat_bai_tap (main)
$ git checkout branch_1
Switched to branch 'branch_1'

Admin@hoangdatngok MINGW64 ~/Documents/19A1CL Tin học cơ sở/25174600023_Hoang_Tien_Dat_bai_tap (branch_1)
$ git checkout -b branch_5
Switched to a new branch 'branch_5'

Admin@hoangdatngok MINGW64 ~/Documents/19A1CL Tin học cơ sở/25174600023_Hoang_Tien_Dat_bai_tap (branch_5)
$ ls
README.md  main_folder/  text_branch_1.txt

Admin@hoangdatngok MINGW64 ~/Documents/19A1CL Tin học cơ sở/25174600023_Hoang_Tien_Dat_bai_tap (branch_5)
$ ptos himenaeos. Quisque vitae  egestas lacus. Phasellus turpis ante, euismod quis pellentesque et, pharetra id ligula.  Vestibulum mattis sem ac ligula auctor viverra. Phasellus dignissim mollis leo, vitae  tristique enim. ~              bash: ptos: command not found

Admin@hoangdatngok MINGW64 ~/Documents/19A1CL Tin học cơ sở/25174600023_Hoang_Tien_Dat_bai_tap (branch_5)
$ echo "Etiam malesuada felis nulla, ac porta dui sollicitudin eget. Mauris hendrerit non  metus eget pellentesque. Etiam ornare ante at pretium hendrerit. Proin molestie  accumsan sapien, ac finibus libero lobortis quis. Praesent ac commodo eros. Nullam  malesuada v el dui nec feugiat. Cras justo ipsum, scelerisque et elit vitae, porttitor  tristique turpis. Nam ut hendrerit est. Nulla sed tincidunt nibh. Class aptent taciti  sociosqu ad litora torquent per conubia nostra, per inceptos himenaeos. Quisque vitae  egestas lacus. Phasellus turpis ante, euismod quis pellentesque et, pharetra id ligula.  Vestibulum mattis sem ac ligula auctor viverra. Phasellus dignissim mollis leo, vitae  tristique enim." > text_branch_1.txt

Admin@hoangdatngok MINGW64 ~/Documents/19A1CL Tin học cơ sở/25174600023_Hoang_Tien_Dat_bai_tap (branch_5)
$ git add .
warning: in the working copy of 'text_branch_1.txt', LF will be replaced by CRLF the next time Git touches it
g
Admin@hoangdatngok MINGW64 ~/Documents/19A1CL Tin học cơ sở/25174600023_Hoang_Tien_Dat_bai_tap (branch_5)
$ git commit -m "Thay đổi file"
[branch_5 6f14dea] Thay đổi file
 1 file changed, 1 insertion(+), 1 deletion(-)

Admin@hoangdatngok MINGW64 ~/Documents/19A1CL Tin học cơ sở/25174600023_Hoang_Tien_Dat_bai_tap (branch_5)
$ git push origin branch_5
Enumerating objects: 5, done.
Counting objects: 100% (5/5), done.
Delta compression using up to 12 threads
Compressing objects: 100% (3/3), done.
Writing objects: 100% (3/3), 661 bytes | 661.00 KiB/s, done.
Total 3 (delta 1), reused 0 (delta 0), pack-reused 0 (from 0)
remote: Resolving deltas: 100% (1/1), completed with 1 local object.
remote:
remote: Create a pull request for 'branch_5' on GitHub by visiting:
remote:      https://github.com/HoangTienDat-25174600023-DHKL19A1l/25174600023_Hoang_Tien_Dat_bai_tap/pull/new/branch_5
remote:
To https://github.com/HoangTienDat-25174600023-DHKL19A1l/25174600023_Hoang_Tien_Dat_bai_tap.git
 * [new branch]      branch_5 -> branch_5

Admin@hoangdatngok MINGW64 ~/Documents/19A1CL Tin học cơ sở/25174600023_Hoang_Tien_Dat_bai_tap (branch_5)
$

Admin@hoangdatngok MINGW64 ~/Documents/19A1CL Tin học cơ sở/25174600023_Hoang_Tien_Dat_bai_tap (branch_5)
$ git checkout main
Switched to branch 'main'
Your branch is up to date with 'origin/main'.

Admin@hoangdatngok MINGW64 ~/Documents/19A1CL Tin học cơ sở/25174600023_Hoang_Tien_Dat_bai_tap (main)
$ git branch -d branch_5
error: the branch 'branch_5' is not fully merged
hint: If you are sure you want to delete it, run 'git branch -D branch_5'
hint: Disable this message with "git config set advice.forceDeleteBranch false"

Admin@hoangdatngok MINGW64 ~/Documents/19A1CL Tin học cơ sở/25174600023_Hoang_Tien_Dat_bai_tap (main)
$ git branch -D branch_5
Deleted branch branch_5 (was 6f14dea).

Admin@hoangdatngok MINGW64 ~/Documents/19A1CL Tin học cơ sở/25174600023_Hoang_Tien_Dat_bai_tap (main)
$ git branch -l
  branch_1
  branch_2
  branch_3
* main

Admin@hoangdatngok MINGW64 ~/Documents/19A1CL Tin học cơ sở/25174600023_Hoang_Tien_Dat_bai_tap (main)
$ git branch -D branch_1
Deleted branch branch_1 (was c73252c).

Admin@hoangdatngok MINGW64 ~/Documents/19A1CL Tin học cơ sở/25174600023_Hoang_Tien_Dat_bai_tap (main)
$ git branch -D branch_2
Deleted branch branch_2 (was d404494).

Admin@hoangdatngok MINGW64 ~/Documents/19A1CL Tin học cơ sở/25174600023_Hoang_Tien_Dat_bai_tap (main)
$ git branch -D branch_3
Deleted branch branch_3 (was 7e58624).

Admin@hoangdatngok MINGW64 ~/Documents/19A1CL Tin học cơ sở/25174600023_Hoang_Tien_Dat_bai_tap (main)
$ git list -l
git: 'list' is not a git command. See 'git --help'.

The most similar commands are
        bisect
        rev-list

Admin@hoangdatngok MINGW64 ~/Documents/19A1CL Tin học cơ sở/25174600023_Hoang_Tien_Dat_bai_tap (main)
$ git branch -l
* main

Admin@hoangdatngok MINGW64 ~/Documents/19A1CL Tin học cơ sở/25174600023_Hoang_Tien_Dat_bai_tap (main)
$ git add .

Admin@hoangdatngok MINGW64 ~/Documents/19A1CL Tin học cơ sở/25174600023_Hoang_Tien_Dat_bai_tap (main)
$ git commit -m "Xóa branch"
On branch main
Your branch is up to date with 'origin/main'.

nothing to commit, working tree clean

Admin@hoangdatngok MINGW64 ~/Documents/19A1CL Tin học cơ sở/25174600023_Hoang_Tien_Dat_bai_tap (main)
$ git push origin
To https://github.com/HoangTienDat-25174600023-DHKL19A1l/25174600023_Hoang_Tien_Dat_bai_tap.git
 ! [rejected]        main -> main (fetch first)
error: failed to push some refs to 'https://github.com/HoangTienDat-25174600023-DHKL19A1l/25174600023_Hoang_Tien_Dat_bai_tap.git'
hint: Updates were rejected because the remote contains work that you do not
hint: have locally. This is usually caused by another repository pushing to
hint: the same ref. If you want to integrate the remote changes, use
hint: 'git pull' before pushing again.
hint: See the 'Note about fast-forwards' in 'git push --help' for details.

Admin@hoangdatngok MINGW64 ~/Documents/19A1CL Tin học cơ sở/25174600023_Hoang_Tien_Dat_bai_tap (main)
$ git fetch
remote: Enumerating objects: 14, done.
remote: Counting objects: 100% (14/14), done.
remote: Compressing objects: 100% (8/8), done.
remote: Total 8 (delta 2), reused 0 (delta 0), pack-reused 0 (from 0)
Unpacking objects: 100% (8/8), 4.69 KiB | 106.00 KiB/s, done.
From https://github.com/HoangTienDat-25174600023-DHKL19A1l/25174600023_Hoang_Tien_Dat_bai_tap
   1a46fc2..1676951  main       -> origin/main
   c73252c..2c23e82  branch_1   -> origin/branch_1

Admin@hoangdatngok MINGW64 ~/Documents/19A1CL Tin học cơ sở/25174600023_Hoang_Tien_Dat_bai_tap (main)
$ git pull
Updating 1a46fc2..1676951
Fast-forward
 text_branch_1.txt | 1 +
 text_branch_2.txt | 1 +
 text_branch_3.txt | 1 +
 text_branch_4.txt | 1 +
 4 files changed, 4 insertions(+)
 create mode 100644 text_branch_1.txt
 create mode 100644 text_branch_2.txt
 create mode 100644 text_branch_3.txt
 create mode 100644 text_branch_4.txt

Admin@hoangdatngok MINGW64 ~/Documents/19A1CL Tin học cơ sở/25174600023_Hoang_Tien_Dat_bai_tap (main)
$ git push origin
Everything up-to-date

Admin@hoangdatngok MINGW64 ~/Documents/19A1CL Tin học cơ sở/25174600023_Hoang_Tien_Dat_bai_tap (main)
$ git branch -l
* main

Admin@hoangdatngok MINGW64 ~/Documents/19A1CL Tin học cơ sở/25174600023_Hoang_Tien_Dat_bai_tap (main)
$ git add .
gi
Admin@hoangdatngok MINGW64 ~/Documents/19A1CL Tin học cơ sở/25174600023_Hoang_Tien_Dat_bai_tap (main)
$ git add .

Admin@hoangdatngok MINGW64 ~/Documents/19A1CL Tin học cơ sở/25174600023_Hoang_Tien_Dat_bai_tap (main)
$ git commit -m "Xóa file"
On branch main
Your branch is up to date with 'origin/main'.

nothing to commit, working tree clean

Admin@hoangdatngok MINGW64 ~/Documents/19A1CL Tin học cơ sở/25174600023_Hoang_Tien_Dat_bai_tap (main)
$ git push origin
Everything up-to-date

Admin@hoangdatngok MINGW64 ~/Documents/19A1CL Tin học cơ sở/25174600023_Hoang_Tien_Dat_bai_tap (main)
$
