

NAME@LAPTOP-AGNC7QMQ MINGW64 /d
$ git clone https://github.com/NguyenHuuManh-25174600092-DHKL19A1CL/25174600092_Nguyen_Huu_Manh_bai_tap.git
Cloning into '25174600092_Nguyen_Huu_Manh_bai_tap'...
remote: Enumerating objects: 3, done.
remote: Counting objects: 100% (3/3), done.
remote: Total 3 (delta 0), reused 0 (delta 0), pack-reused 0 (from 0)
Receiving objects: 100% (3/3), done.

NAME@LAPTOP-AGNC7QMQ MINGW64 /d
$ cd 25174600092_Nguyen_Huu_Manh_bai_tap

NAME@LAPTOP-AGNC7QMQ MINGW64 /d/25174600092_Nguyen_Huu_Manh_bai_tap (main)
$ dir
README.md

NAME@LAPTOP-AGNC7QMQ MINGW64 /d/25174600092_Nguyen_Huu_Manh_bai_tap (main)
$ cd README.md
bash: cd: README.md: Not a directory

NAME@LAPTOP-AGNC7QMQ MINGW64 /d/25174600092_Nguyen_Huu_Manh_bai_tap (main)
$ echo "Lorem ipsum dolor sit amet, consectetur adipiscing elit. Integer efficitur, eros at
lacinia suscipit, magna turpis aliquam est, sit amet aliquam quam libero id mi. Ut vel
placerat risus. Sed tempor in ex vitae sodales. Donec et tempor orci. In pharetra
viverra sagittis. Vestibulum risus ante, molestie ac eros efficitur, bibendum tincidunt
turpis. In sit amet tortor gravida, ultricies ante vitae, varius tortor. Aliquam finibus
porta nulla sed gravida. Aliquam ultricies dapibus ante eget molestie. In hac habitasse
platea dictumst. Aliquam aliquam enim at massa pharetra, et vestibulum sapien
consequat. Donec accumsan quis metus at pellentesque. Morbi quis felis placerat,
interdum justo a, aliquam risus." > README.md

NAME@LAPTOP-AGNC7QMQ MINGW64 /d/25174600092_Nguyen_Huu_Manh_bai_tap (main)
$ git status
On branch main
Your branch is up to date with 'origin/main'.

Changes not staged for commit:
  (use "git add <file>..." to update what will be committed)
  (use "git restore <file>..." to discard changes in working directory)
        modified:   README.md

no changes added to commit (use "git add" and/or "git commit -a")

NAME@LAPTOP-AGNC7QMQ MINGW64 /d/25174600092_Nguyen_Huu_Manh_bai_tap (main)
$ git add .
warning: in the working copy of 'README.md', LF will be replaced by CRLF the next time Git touches it

NAME@LAPTOP-AGNC7QMQ MINGW64 /d/25174600092_Nguyen_Huu_Manh_bai_tap (main)
$ git commit -m "Đã đẩy lên"
[main 5b6d09d] Đã đẩy lên
 1 file changed, 9 insertions(+), 1 deletion(-)

NAME@LAPTOP-AGNC7QMQ MINGW64 /d/25174600092_Nguyen_Huu_Manh_bai_tap (main)
$ git push
Enumerating objects: 5, done.
Counting objects: 100% (5/5), done.
Delta compression using up to 8 threads
Compressing objects: 100% (2/2), done.
Writing objects: 100% (3/3), 645 bytes | 645.00 KiB/s, done.
Total 3 (delta 0), reused 0 (delta 0), pack-reused 0 (from 0)
To https://github.com/NguyenHuuManh-25174600092-DHKL19A1CL/25174600092_Nguyen_Huu_Manh_bai_tap.git
   d03f8cc..5b6d09d  main -> main

NAME@LAPTOP-AGNC7QMQ MINGW64 /d/25174600092_Nguyen_Huu_Manh_bai_tap (main)
$ git checkout main
Already on 'main'
Your branch is up to date with 'origin/main'.

NAME@LAPTOP-AGNC7QMQ MINGW64 /d/25174600092_Nguyen_Huu_Manh_bai_tap (main)
$ git checkout -b branch_1

Switched to a new branch 'branch_1'

NAME@LAPTOP-AGNC7QMQ MINGW64 /d/25174600092_Nguyen_Huu_Manh_bai_tap (branch_1)
$

NAME@LAPTOP-AGNC7QMQ MINGW64 /d/25174600092_Nguyen_Huu_Manh_bai_tap (branch_1)
$ echo "Lorem ipsum dolor sit amet, consectetur adipiscing elit." > text_branch_

NAME@LAPTOP-AGNC7QMQ MINGW64 /d/25174600092_Nguyen_Huu_Manh_bai_tap (branch_1)
$ git add .
warning: in the working copy of 'text_branch_1.txt', LF will be replaced by CRLFhes it

NAME@LAPTOP-AGNC7QMQ MINGW64 /d/25174600092_Nguyen_Huu_Manh_bai_tap (branch_1)
$ git commit -m "Đã thêm file cho branch_1"
[branch_1 712af9f] Đã thêm file cho branch_1
 1 file changed, 1 insertion(+)
 create mode 100644 text_branch_1.txt

NAME@LAPTOP-AGNC7QMQ MINGW64 /d/25174600092_Nguyen_Huu_Manh_bai_tap (branch_1)
$ git push
fatal: The current branch branch_1 has no upstream branch.
To push the current branch and set the remote as upstream, use

    git push --set-upstream origin branch_1

To have this happen automatically for branches without a tracking
upstream, see 'push.autoSetupRemote' in 'git help config'.


NAME@LAPTOP-AGNC7QMQ MINGW64 /d/25174600092_Nguyen_Huu_Manh_bai_tap (branch_1)
$ gti checkout main
bash: gti: command not found

NAME@LAPTOP-AGNC7QMQ MINGW64 /d/25174600092_Nguyen_Huu_Manh_bai_tap (branch_1)
$ git checkout -b branch_2
Switched to a new branch 'branch_2'

NAME@LAPTOP-AGNC7QMQ MINGW64 /d/25174600092_Nguyen_Huu_Manh_bai_tap (branch_2)
$ echo "Praesent ullamcorper orci eu erat placerat sodales." > text_branch_2.txt

NAME@LAPTOP-AGNC7QMQ MINGW64 /d/25174600092_Nguyen_Huu_Manh_bai_tap (branch_2)
$ git add .
warning: in the working copy of 'text_branch_2.txt', LF will be replaced by CRLFhes it

NAME@LAPTOP-AGNC7QMQ MINGW64 /d/25174600092_Nguyen_Huu_Manh_bai_tap (branch_2)
$ git commit "Đã thêm file cho branch_2"
error: pathspec 'Đã thêm file cho branch_2' did not match any file(s) known to g

NAME@LAPTOP-AGNC7QMQ MINGW64 /d/25174600092_Nguyen_Huu_Manh_bai_tap (branch_2)
$ git commit "Đã thêm file cho branch_2"
error: pathspec 'Đã thêm file cho branch_2' did not match any file(s) known to g

NAME@LAPTOP-AGNC7QMQ MINGW64 /d/25174600092_Nguyen_Huu_Manh_bai_tap (branch_2)
$ git commit _m "Đã thêm file cho branch_2"
error: pathspec '_m' did not match any file(s) known to git
error: pathspec 'Đã thêm file cho branch_2' did not match any file(s) known to g

NAME@LAPTOP-AGNC7QMQ MINGW64 /d/25174600092_Nguyen_Huu_Manh_bai_tap (branch_2)
$ git commit -m "Đã thêm file cho branch_2"
[branch_2 332775a] Đã thêm file cho branch_2
 1 file changed, 1 insertion(+)
 create mode 100644 text_branch_2.txt

NAME@LAPTOP-AGNC7QMQ MINGW64 /d/25174600092_Nguyen_Huu_Manh_bai_tap (branch_2)
$ git push
fatal: The current branch branch_2 has no upstream branch.
To push the current branch and set the remote as upstream, use

    git push --set-upstream origin branch_2

To have this happen automatically for branches without a tracking
upstream, see 'push.autoSetupRemote' in 'git help config'.


NAME@LAPTOP-AGNC7QMQ MINGW64 /d/25174600092_Nguyen_Huu_Manh_bai_tap (branch_2)
$ git chekout main
git: 'chekout' is not a git command. See 'git --help'.

The most similar command is
        checkout

NAME@LAPTOP-AGNC7QMQ MINGW64 /d/25174600092_Nguyen_Huu_Manh_bai_tap (branch_2)
$ git checkout -b branch_3
Switched to a new branch 'branch_3'

NAME@LAPTOP-AGNC7QMQ MINGW64 /d/25174600092_Nguyen_Huu_Manh_bai_tap (branch_3)
$ echo "Integer sit amet nisi aliquam, tempor libero quis, cursus erat." > text.

NAME@LAPTOP-AGNC7QMQ MINGW64 /d/25174600092_Nguyen_Huu_Manh_bai_tap (branch_3)
$ git add .
warning: in the working copy of 'text.branch_3.txt', LF will be replaced by CRLFes it

NAME@LAPTOP-AGNC7QMQ MINGW64 /d/25174600092_Nguyen_Huu_Manh_bai_tap (branch_3)
$ git commit -m "Đã thêm file cho branch_3"
[branch_3 92fd5af] Đã thêm file cho branch_3
 1 file changed, 1 insertion(+)
 create mode 100644 text.branch_3.txt

NAME@LAPTOP-AGNC7QMQ MINGW64 /d/25174600092_Nguyen_Huu_Manh_bai_tap (branch_3)
$ git push
fatal: The current branch branch_3 has no upstream branch.
To push the current branch and set the remote as upstream, use

    git push --set-upstream origin branch_3

To have this happen automatically for branches without a tracking
upstream, see 'push.autoSetupRemote' in 'git help config'.


NAME@LAPTOP-AGNC7QMQ MINGW64 /d/25174600092_Nguyen_Huu_Manh_bai_tap (branch_3)
$ git checkout main
Switched to branch 'main'
Your branch is up to date with 'origin/main'.

NAME@LAPTOP-AGNC7QMQ MINGW64 /d/25174600092_Nguyen_Huu_Manh_bai_tap (main)
$ git checkout -b branch_4
Switched to a new branch 'branch_4'

NAME@LAPTOP-AGNC7QMQ MINGW64 /d/25174600092_Nguyen_Huu_Manh_bai_tap (branch_4)
$ echo "Cras ac mi nec nisi porta ultrices sed non ante." > text_branch_4.txt

NAME@LAPTOP-AGNC7QMQ MINGW64 /d/25174600092_Nguyen_Huu_Manh_bai_tap (branch_4)
$ git add .
warning: in the working copy of 'text_branch_4.txt', LF will be replaced by CRLFes it

NAME@LAPTOP-AGNC7QMQ MINGW64 /d/25174600092_Nguyen_Huu_Manh_bai_tap (branch_4)
$ git commit -m "Đã thêm file cho branch_4"
[branch_4 a81ebef] Đã thêm file cho branch_4
 1 file changed, 1 insertion(+)
 create mode 100644 text_branch_4.txt

NAME@LAPTOP-AGNC7QMQ MINGW64 /d/25174600092_Nguyen_Huu_Manh_bai_tap (branch_4)
$ git push
fatal: The current branch branch_4 has no upstream branch.
To push the current branch and set the remote as upstream, use

    git push --set-upstream origin branch_4

To have this happen automatically for branches without a tracking
upstream, see 'push.autoSetupRemote' in 'git help config'.


NAME@LAPTOP-AGNC7QMQ MINGW64 /d/25174600092_Nguyen_Huu_Manh_bai_tap (branch_4)
$ git checkout main
Switched to branch 'main'
Your branch is up to date with 'origin/main'.

NAME@LAPTOP-AGNC7QMQ MINGW64 /d/25174600092_Nguyen_Huu_Manh_bai_tap (main)
$ git checkout branch_3
Switched to branch 'branch_3'

NAME@LAPTOP-AGNC7QMQ MINGW64 /d/25174600092_Nguyen_Huu_Manh_bai_tap (branch_3)
$ git mv text.branch_3.txt text_branch_3.txt

NAME@LAPTOP-AGNC7QMQ MINGW64 /d/25174600092_Nguyen_Huu_Manh_bai_tap (branch_3)
$ git commit -m "Đã thêm file cho branch_3"
[branch_3 bdffeb0] Đã thêm file cho branch_3
 1 file changed, 0 insertions(+), 0 deletions(-)
 rename text.branch_3.txt => text_branch_3.txt (100%)

NAME@LAPTOP-AGNC7QMQ MINGW64 /d/25174600092_Nguyen_Huu_Manh_bai_tap (branch_3)
$ git push
fatal: The current branch branch_3 has no upstream branch.
To push the current branch and set the remote as upstream, use

    git push --set-upstream origin branch_3

To have this happen automatically for branches without a tracking
upstream, see 'push.autoSetupRemote' in 'git help config'.


NAME@LAPTOP-AGNC7QMQ MINGW64 /d/25174600092_Nguyen_Huu_Manh_bai_tap (branch_3)
$ 1s
bash: 1s: command not found

NAME@LAPTOP-AGNC7QMQ MINGW64 /d/25174600092_Nguyen_Huu_Manh_bai_tap (branch_3)
$ git branchh
git: 'branchh' is not a git command. See 'git --help'.

The most similar command is
        branch

NAME@LAPTOP-AGNC7QMQ MINGW64 /d/25174600092_Nguyen_Huu_Manh_bai_tap (branch_3)
$ git branch
  branch_1
  branch_2
* branch_3
  branch_4
  main

NAME@LAPTOP-AGNC7QMQ MINGW64 /d/25174600092_Nguyen_Huu_Manh_bai_tap (branch_3)
$ git branch -r
  origin/HEAD -> origin/main
  origin/main

NAME@LAPTOP-AGNC7QMQ MINGW64 /d/25174600092_Nguyen_Huu_Manh_bai_tap (branch_3)
$ git push -u origin branch_1
git push -u origin branch_2
git push -u origin branch_3
git push -u origin branch_4
Enumerating objects: 4, done.
Counting objects: 100% (4/4), done.
Delta compression using up to 8 threads
Compressing objects: 100% (3/3), done.
Writing objects: 100% (3/3), 372 bytes | 372.00 KiB/s, done.
Total 3 (delta 0), reused 0 (delta 0), pack-reused 0 (from 0)
remote:
remote: Create a pull request for 'branch_1' on GitHub by visiting:
remote:      https://github.com/NguyenHuuManh-25174600092-DHKL19A1CL/25174600092/pull/new/branch_1
remote:
To https://github.com/NguyenHuuManh-25174600092-DHKL19A1CL/25174600092_Nguyen_Hu
 * [new branch]      branch_1 -> branch_1
branch 'branch_1' set up to track 'origin/branch_1'.
Enumerating objects: 4, done.
Counting objects: 100% (4/4), done.
Delta compression using up to 8 threads
Compressing objects: 100% (3/3), done.
Writing objects: 100% (3/3), 392 bytes | 392.00 KiB/s, done.
Total 3 (delta 0), reused 0 (delta 0), pack-reused 0 (from 0)
remote:
remote: Create a pull request for 'branch_2' on GitHub by visiting:
remote:      https://github.com/NguyenHuuManh-25174600092-DHKL19A1CL/25174600092/pull/new/branch_2
remote:
To https://github.com/NguyenHuuManh-25174600092-DHKL19A1CL/25174600092_Nguyen_Hu
 * [new branch]      branch_2 -> branch_2
branch 'branch_2' set up to track 'origin/branch_2'.
Enumerating objects: 6, done.
Counting objects: 100% (6/6), done.
Delta compression using up to 8 threads
Compressing objects: 100% (5/5), done.
Writing objects: 100% (5/5), 577 bytes | 577.00 KiB/s, done.
Total 5 (delta 2), reused 0 (delta 0), pack-reused 0 (from 0)
remote: Resolving deltas: 100% (2/2), completed with 1 local object.
remote:
remote: Create a pull request for 'branch_3' on GitHub by visiting:
remote:      https://github.com/NguyenHuuManh-25174600092-DHKL19A1CL/25174600092/pull/new/branch_3
remote:
To https://github.com/NguyenHuuManh-25174600092-DHKL19A1CL/25174600092_Nguyen_Hu
 * [new branch]      branch_3 -> branch_3
branch 'branch_3' set up to track 'origin/branch_3'.
Enumerating objects: 4, done.
Counting objects: 100% (4/4), done.
Delta compression using up to 8 threads
Compressing objects: 100% (2/2), done.
Writing objects: 100% (3/3), 366 bytes | 366.00 KiB/s, done.
Total 3 (delta 0), reused 0 (delta 0), pack-reused 0 (from 0)
remote:
remote: Create a pull request for 'branch_4' on GitHub by visiting:
remote:      https://github.com/NguyenHuuManh-25174600092-DHKL19A1CL/25174600092/pull/new/branch_4
remote:
To https://github.com/NguyenHuuManh-25174600092-DHKL19A1CL/25174600092_Nguyen_Hu
 * [new branch]      branch_4 -> branch_4
branch 'branch_4' set up to track 'origin/branch_4'.

NAME@LAPTOP-AGNC7QMQ MINGW64 /d/25174600092_Nguyen_Huu_Manh_bai_tap (branch_3)
$ git branch -r
  origin/HEAD -> origin/main
  origin/branch_1
  origin/branch_2
  origin/branch_3
  origin/branch_4
  origin/main

NAME@LAPTOP-AGNC7QMQ MINGW64 /d/25174600092_Nguyen_Huu_Manh_bai_tap (branch_3)
$ git branch
  branch_1
  branch_2
* branch_3
  branch_4
  main

NAME@LAPTOP-AGNC7QMQ MINGW64 /d/25174600092_Nguyen_Huu_Manh_bai_tap (branch_3)
$ git checkout main
Switched to branch 'main'
Your branch is up to date with 'origin/main'.

NAME@LAPTOP-AGNC7QMQ MINGW64 /d/25174600092_Nguyen_Huu_Manh_bai_tap (main)
$ git brach -d brach_4
git: 'brach' is not a git command. See 'git --help'.

The most similar command is
        branch

NAME@LAPTOP-AGNC7QMQ MINGW64 /d/25174600092_Nguyen_Huu_Manh_bai_tap (main)
$ git brach --list
git: 'brach' is not a git command. See 'git --help'.

The most similar command is
        branch

NAME@LAPTOP-AGNC7QMQ MINGW64 /d/25174600092_Nguyen_Huu_Manh_bai_tap (main)
$ git branch --list
  branch_1
  branch_2
  branch_3
  branch_4
* main

NAME@LAPTOP-AGNC7QMQ MINGW64 /d/25174600092_Nguyen_Huu_Manh_bai_tap (main)
$ git branch -d branch_4
warning: deleting branch 'branch_4' that has been merged to
         'refs/remotes/origin/branch_4', but not yet merged to HEAD
Deleted branch branch_4 (was a81ebef).

NAME@LAPTOP-AGNC7QMQ MINGW64 /d/25174600092_Nguyen_Huu_Manh_bai_tap (main)
$ git branch --list
  branch_1
  branch_2
  branch_3
* main

NAME@LAPTOP-AGNC7QMQ MINGW64 /d/25174600092_Nguyen_Huu_Manh_bai_tap (main)
$ git pull
Already up to date.

NAME@LAPTOP-AGNC7QMQ MINGW64 /d/25174600092_Nguyen_Huu_Manh_bai_tap (main)
$ git checkout main
Already on 'main'
Your branch is up to date with 'origin/main'.

NAME@LAPTOP-AGNC7QMQ MINGW64 /d/25174600092_Nguyen_Huu_Manh_bai_tap (main)
$ mkdir main_folder

NAME@LAPTOP-AGNC7QMQ MINGW64 /d/25174600092_Nguyen_Huu_Manh_bai_tap (main)
$ cd main_folder

NAME@LAPTOP-AGNC7QMQ MINGW64 /d/25174600092_Nguyen_Huu_Manh_bai_tap/main_folder (main)
$ touch main_txt_1.txt

NAME@LAPTOP-AGNC7QMQ MINGW64 /d/25174600092_Nguyen_Huu_Manh_bai_tap/main_folder (main)
$ touch main_txt_2.txt

NAME@LAPTOP-AGNC7QMQ MINGW64 /d/25174600092_Nguyen_Huu_Manh_bai_tap/main_folder (main)
$ touch main_txt_3.txt

NAME@LAPTOP-AGNC7QMQ MINGW64 /d/25174600092_Nguyen_Huu_Manh_bai_tap/main_folder (main)
$ git status
On branch main
Your branch is up to date with 'origin/main'.

Untracked files:
  (use "git add <file>..." to include in what will be committed)
        ./

nothing added to commit but untracked files present (use "git add" to track)

NAME@LAPTOP-AGNC7QMQ MINGW64 /d/25174600092_Nguyen_Huu_Manh_bai_tap/main_folder (main)
$ git add main_folder
fatal: pathspec 'main_folder' did not match any files

NAME@LAPTOP-AGNC7QMQ MINGW64 /d/25174600092_Nguyen_Huu_Manh_bai_tap/main_folder (main)
$ git commit -m "Đã tải 3 file txt"
On branch main
Your branch is up to date with 'origin/main'.

Untracked files:
  (use "git add <file>..." to include in what will be committed)
        ./

nothing added to commit but untracked files present (use "git add" to track)

NAME@LAPTOP-AGNC7QMQ MINGW64 /d/25174600092_Nguyen_Huu_Manh_bai_tap/main_folder (main)
$ git add main_folder/main_txt_1.txt
warning: could not open directory 'main_folder/main_folder/': No such file or directory
fatal: pathspec 'main_folder/main_txt_1.txt' did not match any files

NAME@LAPTOP-AGNC7QMQ MINGW64 /d/25174600092_Nguyen_Huu_Manh_bai_tap/main_folder (main)
$ ls main_folder
ls: cannot access 'main_folder': No such file or directory

NAME@LAPTOP-AGNC7QMQ MINGW64 /d/25174600092_Nguyen_Huu_Manh_bai_tap/main_folder (main)
$ cd ..

NAME@LAPTOP-AGNC7QMQ MINGW64 /d/25174600092_Nguyen_Huu_Manh_bai_tap (main)
$ mkdir main_folder

NAME@LAPTOP-AGNC7QMQ MINGW64 /d/25174600092_Nguyen_Huu_Manh_bai_tap (main)
$ touch main_folder/main_txt_1.txt main_folder/main_txt_2.txt main_folder/main_txt_3.txt

NAME@LAPTOP-AGNC7QMQ MINGW64 /d/25174600092_Nguyen_Huu_Manh_bai_tap (main)
$ ls main_folder
main_txt_1.txt  main_txt_2.txt  main_txt_3.txt

NAME@LAPTOP-AGNC7QMQ MINGW64 /d/25174600092_Nguyen_Huu_Manh_bai_tap (main)
$ git add main_folder

NAME@LAPTOP-AGNC7QMQ MINGW64 /d/25174600092_Nguyen_Huu_Manh_bai_tap (main)
$ git commit -m "Đã tải lên 3 file txt"
[main 3d004d5] Đã tải lên 3 file txt
 3 files changed, 0 insertions(+), 0 deletions(-)
 create mode 100644 main_folder/main_txt_1.txt
 create mode 100644 main_folder/main_txt_2.txt
 create mode 100644 main_folder/main_txt_3.txt

NAME@LAPTOP-AGNC7QMQ MINGW64 /d/25174600092_Nguyen_Huu_Manh_bai_tap (main)
$ ggit push origin main
bash: ggit: command not found

NAME@LAPTOP-AGNC7QMQ MINGW64 /d/25174600092_Nguyen_Huu_Manh_bai_tap (main)
$ git push origin main
Enumerating objects: 5, done.
Counting objects: 100% (5/5), done.
Delta compression using up to 8 threads
Compressing objects: 100% (3/3), done.
Writing objects: 100% (4/4), 376 bytes | 376.00 KiB/s, done.
Total 4 (delta 0), reused 0 (delta 0), pack-reused 0 (from 0)
To https://github.com/NguyenHuuManh-25174600092-DHKL19A1CL/25174600092_Nguyen_Huu_Manh_bai_tap.git
   5b6d09d..3d004d5  main -> main

NAME@LAPTOP-AGNC7QMQ MINGW64 /d/25174600092_Nguyen_Huu_Manh_bai_tap (main)
$ git pull
Already up to date.

NAME@LAPTOP-AGNC7QMQ MINGW64 /d/25174600092_Nguyen_Huu_Manh_bai_tap (main)
$ git checkout branch_1
Switched to branch 'branch_1'
Your branch is up to date with 'origin/branch_1'.

NAME@LAPTOP-AGNC7QMQ MINGW64 /d/25174600092_Nguyen_Huu_Manh_bai_tap (branch_1)
$ git checkout -b branch_5
Switched to a new branch 'branch_5'

NAME@LAPTOP-AGNC7QMQ MINGW64 /d/25174600092_Nguyen_Huu_Manh_bai_tap (branch_5)
$ notepad text_branch_1.txt

ok

NAME@LAPTOP-AGNC7QMQ MINGW64 /d/25174600092_Nguyen_Huu_Manh_bai_tap (branch_5)
$

NAME@LAPTOP-AGNC7QMQ MINGW64 /d/25174600092_Nguyen_Huu_Manh_bai_tap (branch_5)
$ ok
bash: ok: command not found

NAME@LAPTOP-AGNC7QMQ MINGW64 /d/25174600092_Nguyen_Huu_Manh_bai_tap (branch_5)
$ echo "Etiam malesuada felis nulla, ac porta dui sollicitudin eget. Mauris hendrerit non
metus eget pellentesque. Etiam ornare ante at pretium hendrerit. Proin molestie
accumsan sapien, ac finibus libero lobortis quis. Praesent ac commodo eros. Nullam
malesuada v el dui nec feugiat. Cras justo ipsum, scelerisque et elit vitae, porttitor
tristique turpis. Nam ut hendrerit est. Nulla sed tincidunt nibh. Class aptent taciti
sociosqu ad litora torquent per conubia nostra, per inceptos himenaeos. Quisque vitae
egestas lacus. Phasellus turpis ante, euismod quis pellentesque et, pharetra id ligula.
Vestibulum mattis sem ac ligula auctor viverra. Phasellus dignissim mollis leo, vitae
tristique enim." > text_branch_1.txt

NAME@LAPTOP-AGNC7QMQ MINGW64 /d/25174600092_Nguyen_Huu_Manh_bai_tap (branch_5)
$ git status
On branch branch_5
Changes not staged for commit:
  (use "git add <file>..." to update what will be committed)
  (use "git restore <file>..." to discard changes in working directory)
        modified:   text_branch_1.txt

no changes added to commit (use "git add" and/or "git commit -a")

NAME@LAPTOP-AGNC7QMQ MINGW64 /d/25174600092_Nguyen_Huu_Manh_bai_tap (branch_5)
$ git add text_branch_1.txt
warning: in the working copy of 'text_branch_1.txt', LF will be replaced by CRLF the next time Git touches it

NAME@LAPTOP-AGNC7QMQ MINGW64 /d/25174600092_Nguyen_Huu_Manh_bai_tap (branch_5)
$ git status
On branch branch_5
Changes to be committed:
  (use "git restore --staged <file>..." to unstage)
        modified:   text_branch_1.txt


NAME@LAPTOP-AGNC7QMQ MINGW64 /d/25174600092_Nguyen_Huu_Manh_bai_tap (branch_5)
$ git commit -m "chỉnh sửa nội dung text_branch_1.txt trên branch_5"
[branch_5 04d9999] chỉnh sửa nội dung text_branch_1.txt trên branch_5
 1 file changed, 9 insertions(+), 1 deletion(-)

NAME@LAPTOP-AGNC7QMQ MINGW64 /d/25174600092_Nguyen_Huu_Manh_bai_tap (branch_5)
$ git push origin branch_5
Enumerating objects: 5, done.
Counting objects: 100% (5/5), done.
Delta compression using up to 8 threads
Compressing objects: 100% (3/3), done.
Writing objects: 100% (3/3), 724 bytes | 724.00 KiB/s, done.
Total 3 (delta 0), reused 0 (delta 0), pack-reused 0 (from 0)
remote:
remote: Create a pull request for 'branch_5' on GitHub by visiting:
remote:      https://github.com/NguyenHuuManh-25174600092-DHKL19A1CL/25174600092_Nguyen_Huu_Manh_bai_tap/pull/new/branch_5
remote:
To https://github.com/NguyenHuuManh-25174600092-DHKL19A1CL/25174600092_Nguyen_Huu_Manh_bai_tap.git
 * [new branch]      branch_5 -> branch_5

NAME@LAPTOP-AGNC7QMQ MINGW64 /d/25174600092_Nguyen_Huu_Manh_bai_tap (branch_5)
$ git branch -d branch_5
error: cannot delete branch 'branch_5' used by worktree at 'D:/25174600092_Nguyen_Huu_Manh_bai_tap'

NAME@LAPTOP-AGNC7QMQ MINGW64 /d/25174600092_Nguyen_Huu_Manh_bai_tap (branch_5)
$ git checkout branch_1
Switched to branch 'branch_1'
Your branch is up to date with 'origin/branch_1'.

NAME@LAPTOP-AGNC7QMQ MINGW64 /d/25174600092_Nguyen_Huu_Manh_bai_tap (branch_1)
$ git branch -d branch_5
error: the branch 'branch_5' is not fully merged
hint: If you are sure you want to delete it, run 'git branch -D branch_5'
hint: Disable this message with "git config set advice.forceDeleteBranch false"

NAME@LAPTOP-AGNC7QMQ MINGW64 /d/25174600092_Nguyen_Huu_Manh_bai_tap (branch_1)
$ git branch -D branch_5
Deleted branch branch_5 (was 04d9999).

NAME@LAPTOP-AGNC7QMQ MINGW64 /d/25174600092_Nguyen_Huu_Manh_bai_tap (branch_1)
$ git push origin --delete branch_5
To https://github.com/NguyenHuuManh-25174600092-DHKL19A1CL/25174600092_Nguyen_Huu_Manh_bai_tap.git
 - [deleted]         branch_5

NAME@LAPTOP-AGNC7QMQ MINGW64 /d/25174600092_Nguyen_Huu_Manh_bai_tap (branch_1)
$ git checkout branch_1
Already on 'branch_1'
Your branch is up to date with 'origin/branch_1'.

NAME@LAPTOP-AGNC7QMQ MINGW64 /d/25174600092_Nguyen_Huu_Manh_bai_tap (branch_1)
$ git push origin branch_1
To https://github.com/NguyenHuuManh-25174600092-DHKL19A1CL/25174600092_Nguyen_Huu_Manh_bai_tap.git
 ! [rejected]        branch_1 -> branch_1 (fetch first)
error: failed to push some refs to 'https://github.com/NguyenHuuManh-25174600092-DHKL19A1CL/25174600092_Nguyen_Huu_Manh_bai_tap.git'
hint: Updates were rejected because the remote contains work that you do not
hint: have locally. This is usually caused by another repository pushing to
hint: the same ref. If you want to integrate the remote changes, use
hint: 'git pull' before pushing again.
hint: See the 'Note about fast-forwards' in 'git push --help' for details.

NAME@LAPTOP-AGNC7QMQ MINGW64 /d/25174600092_Nguyen_Huu_Manh_bai_tap (branch_1)
$ git pull origin branch_1 --rebase
remote: Enumerating objects: 6, done.
remote: Counting objects: 100% (6/6), done.
remote: Compressing objects: 100% (4/4), done.
remote: Total 4 (delta 1), reused 2 (delta 0), pack-reused 0 (from 0)
Unpacking objects: 100% (4/4), 1.48 KiB | 505.00 KiB/s, done.
From https://github.com/NguyenHuuManh-25174600092-DHKL19A1CL/25174600092_Nguyen_Huu_Manh_bai_tap
 * branch            branch_1   -> FETCH_HEAD
   712af9f..04057c1  branch_1   -> origin/branch_1
Updating 712af9f..04057c1
Fast-forward
 text_branch_1.txt | 10 +++++++++-
 1 file changed, 9 insertions(+), 1 deletion(-)

NAME@LAPTOP-AGNC7QMQ MINGW64 /d/25174600092_Nguyen_Huu_Manh_bai_tap (branch_1)
$ git push origin branch_1
Everything up-to-date

NAME@LAPTOP-AGNC7QMQ MINGW64 /d/25174600092_Nguyen_Huu_Manh_bai_tap (branch_1)
$ git checkout branch_2
Switched to branch 'branch_2'
Your branch is up to date with 'origin/branch_2'.

NAME@LAPTOP-AGNC7QMQ MINGW64 /d/25174600092_Nguyen_Huu_Manh_bai_tap (branch_2)
$ git push origin branch_2
Everything up-to-date

NAME@LAPTOP-AGNC7QMQ MINGW64 /d/25174600092_Nguyen_Huu_Manh_bai_tap (branch_2)
$ git checkout branch_3
Switched to branch 'branch_3'
Your branch is up to date with 'origin/branch_3'.

NAME@LAPTOP-AGNC7QMQ MINGW64 /d/25174600092_Nguyen_Huu_Manh_bai_tap (branch_3)
$ git push origin branch_3
Everything up-to-date

NAME@LAPTOP-AGNC7QMQ MINGW64 /d/25174600092_Nguyen_Huu_Manh_bai_tap (branch_3)
$ git checkout branch_4
branch 'branch_4' set up to track 'origin/branch_4'.
Switched to a new branch 'branch_4'

NAME@LAPTOP-AGNC7QMQ MINGW64 /d/25174600092_Nguyen_Huu_Manh_bai_tap (branch_4)
$ git push origin branch_4
Everything up-to-date

NAME@LAPTOP-AGNC7QMQ MINGW64 /d/25174600092_Nguyen_Huu_Manh_bai_tap (branch_4)
$ git checkout main
Switched to branch 'main'
Your branch is up to date with 'origin/main'.

NAME@LAPTOP-AGNC7QMQ MINGW64 /d/25174600092_Nguyen_Huu_Manh_bai_tap (main)
$ git pull origin main
remote: Enumerating objects: 13, done.
remote: Counting objects: 100% (13/13), done.
remote: Compressing objects: 100% (8/8), done.
remote: Total 8 (delta 3), reused 0 (delta 0), pack-reused 0 (from 0)
Unpacking objects: 100% (8/8), 3.84 KiB | 187.00 KiB/s, done.
From https://github.com/NguyenHuuManh-25174600092-DHKL19A1CL/25174600092_Nguyen_Huu_Manh_bai_tap
 * branch            main       -> FETCH_HEAD
   3d004d5..ce17c71  main       -> origin/main
Updating 3d004d5..ce17c71
Fast-forward
 text_branch_1.txt | 9 +++++++++
 text_branch_2.txt | 1 +
 text_branch_3.txt | 1 +
 text_branch_4.txt | 1 +
 4 files changed, 12 insertions(+)
 create mode 100644 text_branch_1.txt
 create mode 100644 text_branch_2.txt
 create mode 100644 text_branch_3.txt
 create mode 100644 text_branch_4.txt

NAME@LAPTOP-AGNC7QMQ MINGW64 /d/25174600092_Nguyen_Huu_Manh_bai_tap (main)
$ ls
README.md     text_branch_1.txt  text_branch_3.txt
main_folder/  text_branch_2.txt  text_branch_4.txt

NAME@LAPTOP-AGNC7QMQ MINGW64 /d/25174600092_Nguyen_Huu_Manh_bai_tap (main)
$ git branch
  branch_1
  branch_2
  branch_3
  branch_4
* main

NAME@LAPTOP-AGNC7QMQ MINGW64 /d/25174600092_Nguyen_Huu_Manh_bai_tap (main)
$ git checkout main
Already on 'main'
Your branch is up to date with 'origin/main'.

NAME@LAPTOP-AGNC7QMQ MINGW64 /d/25174600092_Nguyen_Huu_Manh_bai_tap (main)
$ git branch -d branch_2
Deleted branch branch_2 (was 332775a).

NAME@LAPTOP-AGNC7QMQ MINGW64 /d/25174600092_Nguyen_Huu_Manh_bai_tap (main)
$ git branch -d branch_3
Deleted branch branch_3 (was bdffeb0).

NAME@LAPTOP-AGNC7QMQ MINGW64 /d/25174600092_Nguyen_Huu_Manh_bai_tap (main)
$ git branch -d branch_4
Deleted branch branch_4 (was a81ebef).

NAME@LAPTOP-AGNC7QMQ MINGW64 /d/25174600092_Nguyen_Huu_Manh_bai_tap (main)
$ git push origin --delete branch_2
To https://github.com/NguyenHuuManh-25174600092-DHKL19A1CL/25174600092_Nguyen_Huu_Manh_bai_tap.git
 - [deleted]         branch_2

NAME@LAPTOP-AGNC7QMQ MINGW64 /d/25174600092_Nguyen_Huu_Manh_bai_tap (main)
$ git push origin --delete branch_3
To https://github.com/NguyenHuuManh-25174600092-DHKL19A1CL/25174600092_Nguyen_Huu_Manh_bai_tap.git
 - [deleted]         branch_3

NAME@LAPTOP-AGNC7QMQ MINGW64 /d/25174600092_Nguyen_Huu_Manh_bai_tap (main)
$ git push origin --delete branch_4
To https://github.com/NguyenHuuManh-25174600092-DHKL19A1CL/25174600092_Nguyen_Huu_Manh_bai_tap.git
 - [deleted]         branch_4

NAME@LAPTOP-AGNC7QMQ MINGW64 /d/25174600092_Nguyen_Huu_Manh_bai_tap (main)
$ git checkout branch_1
Switched to branch 'branch_1'
Your branch is up to date with 'origin/branch_1'.

NAME@LAPTOP-AGNC7QMQ MINGW64 /d/25174600092_Nguyen_Huu_Manh_bai_tap (branch_1)
$ git pull origin main
From https://github.com/NguyenHuuManh-25174600092-DHKL19A1CL/25174600092_Nguyen_Huu_Manh_bai_tap
 * branch            main       -> FETCH_HEAD
Updating 04057c1..ce17c71
Fast-forward
 main_folder/main_txt_1.txt | 0
 main_folder/main_txt_2.txt | 0
 main_folder/main_txt_3.txt | 0
 text_branch_2.txt          | 1 +
 text_branch_3.txt          | 1 +
 text_branch_4.txt          | 1 +
 6 files changed, 3 insertions(+)
 create mode 100644 main_folder/main_txt_1.txt
 create mode 100644 main_folder/main_txt_2.txt
 create mode 100644 main_folder/main_txt_3.txt
 create mode 100644 text_branch_2.txt
 create mode 100644 text_branch_3.txt
 create mode 100644 text_branch_4.txt

NAME@LAPTOP-AGNC7QMQ MINGW64 /d/25174600092_Nguyen_Huu_Manh_bai_tap (branch_1)
$ git merge main
Already up to date.

NAME@LAPTOP-AGNC7QMQ MINGW64 /d/25174600092_Nguyen_Huu_Manh_bai_tap (branch_1)
$ git push origin branch_1
Total 0 (delta 0), reused 0 (delta 0), pack-reused 0 (from 0)
To https://github.com/NguyenHuuManh-25174600092-DHKL19A1CL/25174600092_Nguyen_Huu_Manh_bai_tap.git
   04057c1..ce17c71  branch_1 -> branch_1
